main {
  %0 = const 5
  value = id %0
  %1 = id value
  %2 = const 3
  %3 = add %1 %2
  %4 = const 6
  %5 = lt %3 %4
  br %5 then else
then:
  %6 = const 1
  print %6
  %7 = const 0
  jmp endif
else:
  %8 = const 2
  print %8
  %9 = const 0
endif:
}
