main {
  v0 = const 5;
  x = id v0;
  v1 = id x;
  print v1;
  v2 = const 0;
}
